C51 COMPILER V9.60.0.0   MAIN                                                              05/16/2023 20:13:57 PAGE 1   


C51 COMPILER V9.60.0.0, COMPILATION OF MODULE MAIN
OBJECT MODULE PLACED IN .\Objects\Main.obj
COMPILER INVOKED BY: D:\Keil\C51\BIN\C51.EXE User\Main.c OPTIMIZE(8,SPEED) BROWSE INCDIR(.\User\inc) DEBUG OBJECTEXTEND 
                    -PRINT(.\Listings\Main.lst) OBJECT(.\Objects\Main.obj)

line level    source

   1          /* 包含头文件 */
   2          #include "Main.h"
   3          
   4          /*=================================================================*/
   5          void main()
   6          {
   7   1          System_Init();     // IO口初始化
   8   1          Peripheral_Init(); // 开启总中断
   9   1          Time0_Config();    // 跑马灯开始计时
  10   1          Time1_Config();    // 按键扫描， 数码管扫描
  11   1          while (1)
  12   1          {
  13   2                      KeyScan();
  14   2              KeyServices();
  15   2          }
  16   1      }


MODULE INFORMATION:   STATIC OVERLAYABLE
   CODE SIZE        =     20    ----
   CONSTANT SIZE    =   ----    ----
   XDATA SIZE       =   ----    ----
   PDATA SIZE       =   ----    ----
   DATA SIZE        =   ----    ----
   IDATA SIZE       =   ----    ----
   BIT SIZE         =   ----    ----
END OF MODULE INFORMATION.


C51 COMPILATION COMPLETE.  0 WARNING(S),  0 ERROR(S)
