C51 COMPILER V9.60.0.0   TIMING                                                            05/14/2023 23:08:16 PAGE 1   


C51 COMPILER V9.60.0.0, COMPILATION OF MODULE TIMING
OBJECT MODULE PLACED IN .\Objects\Timing.obj
COMPILER INVOKED BY: D:\Keil\C51\BIN\C51.EXE User\src\Timing.c OPTIMIZE(8,SPEED) BROWSE DEBUG OBJECTEXTEND PRINT(.\Listi
                    -ngs\Timing.lst) OBJECT(.\Objects\Timing.obj)

line level    source

   1          /* ---------------------------------- 包含头文件 --------------------------------- */
   2          #include "..\inc\STC8Ax_REG.h"
   3          #include "..\inc\Definition.h"
   4          
   5          #include "..\inc\KeyScan.h"
   6          #include "..\inc\NixieTube.h"
   7          #include "..\inc\LEDChange.h"
   8          
   9          /* ---------------------------------- 私有宏定义 --------------------------------- */
  10          
  11          /* ---------------------------------- 私有变量 ---------------------------------- */
  12          uint8 count = 0;
  13          uint8 count1 = 0;
  14          
  15          /* ----------------------------------- 函数 ----------------------------------- */
  16          
  17          /**
  18           *
  19           * 功能：初始化外围设备
  20           * 参数：None
  21           * 返回：None
  22           * 说明：
  23           */
  24          void Time0_Config() // 初始化外围
  25          {
  26   1          // 1毫秒@24.000MHz
  27   1          TMOD &= 0xF0; // 设置定时器0模式
  28   1          TMOD |= 0x01; // 设置定时器0模式为16为自动重装载
  29   1      
  30   1          TH0 = 0xF8; // 设置定时0初始值(65535-2000)=63535=0xF830
  31   1          TL0 = 0x30; // 设置定时0初始值
  32   1          TF0 = 0;    // 清除TF0标志
  33   1          ET0 = 1;
  34   1          TR0 = 1; // 定时器0开始计时
  35   1      }
  36          
  37          /**
  38           *
  39           * 功能：初始化外围设备
  40           * 参数：None
  41           * 返回：None
  42           * 说明：
  43           */
  44          void Time1_Config() // 初始化外围
  45          {
  46   1          // 1us@24.000MHz
  47   1          TMOD &= 0x0F; // 设置定时器1模式
  48   1          TMOD |= 0x10; // 设置定时器1模式为16为自动重装载
  49   1      
  50   1          TH1 = 0xFF; // 设置定时0初始值(65536-2)=63534=0xFFFE
  51   1          TL1 = 0xEC; // 设置定时0初始值
  52   1          TF1 = 0;    // 清除TF1标志
  53   1          ET1 = 1;
  54   1          TR1 = 1;    // 定时器1开始计时
C51 COMPILER V9.60.0.0   TIMING                                                            05/14/2023 23:08:16 PAGE 2   

  55   1      }
  56          
  57          // 用于按键扫描程序
  58          void Time0_ISR() interrupt 1
  59          {
  60   1              TF0 = 0; //清除中断标志
  61   1          TR0 = 0; //关中断
  62   1      
  63   1      
  64   1          // 开启跑马灯
  65   1          count++;
  66   1          if (count >= LEDChangeTime)
  67   1          {
  68   2              count = 0;  // 清空计数
  69   2              LEDChange(); // LED变化
  70   2          }
  71   1      
  72   1          TH0 = 0xF8; // 重装初始值(65535-2000)=63535=0xF830
  73   1          TL0 = 0x30;
  74   1              TR0 = 1;
  75   1      }
  76          
  77          void Time1_ISR() interrupt 3
  78          {
  79   1          TF1 = 0; //清除中断标志
  80   1          TR1 = 0; //关中断    
  81   1      
  82   1          // 扫描按键
  83   1          KeyScan();
  84   1      
  85   1          // 扫描数码管
  86   1          count1++;
  87   1          if (count1 >= 100)
  88   1          {
  89   2              count1 = 0;
  90   2              NixieTube();
  91   2          }
  92   1      
  93   1          TH1 = 0xFF; // 重装初始值(65536-2)=63534=0xFFFE
  94   1          TL1 = 0xEC;
  95   1              TR1 = 1;
  96   1      }


MODULE INFORMATION:   STATIC OVERLAYABLE
   CODE SIZE        =    214    ----
   CONSTANT SIZE    =   ----    ----
   XDATA SIZE       =   ----    ----
   PDATA SIZE       =   ----    ----
   DATA SIZE        =      2    ----
   IDATA SIZE       =   ----    ----
   BIT SIZE         =   ----    ----
END OF MODULE INFORMATION.


C51 COMPILATION COMPLETE.  0 WARNING(S),  0 ERROR(S)
